== run 1

[1m[46m RUN [49m[22m [36mv3.2.7 [39m[90m/home/user/Projct1[39m

 [32m✓[39m packages/browser/test/worker-bypass.test.ts [2m([22m[2m4 tests[22m[2m)[22m[33m 6398[2mms[22m[39m
   [33m[2m✓[22m[39m worker-bypass: не-GET до цілі з Worker / SharedWorker (S1b-Fix, DEV-50)[2m > [22mконтроль raw (без шару 2): POST доходить до цілі з КОЖНОГО варіанта — детектор уміє впасти [33m 1784[2mms[22m[39m
   [33m[2m✓[22m[39m worker-bypass: не-GET до цілі з Worker / SharedWorker (S1b-Fix, DEV-50)[2m > [22mконтроль old (шар 2 до S1b-Fix, без SharedWorker lockdown): dedicated-клас 0 POST, shared-клас — POST дійшов [33m 2365[2mms[22m[39m
   [33m[2m✓[22m[39m worker-bypass: не-GET до цілі з Worker / SharedWorker (S1b-Fix, DEV-50)[2m > [22mSecureBrowser: 0 не-GET до цілі з усіх 13 варіантів; SharedWorker → SecurityError, його скрипт не запитано [33m 1878[2mms[22m[39m

[2m Test Files [22m [1m[32m1 passed[39m[22m[90m (1)[39m
[2m      Tests [22m [1m[32m4 passed[39m[22m[90m (4)[39m
[2m   Start at [22m 08:12:34
[2m   Duration [22m 7.64s[2m (transform 334ms, setup 0ms, collect 717ms, tests 6.40s, environment 0ms, prepare 124ms)[22m

rc=0
== run 2

[1m[46m RUN [49m[22m [36mv3.2.7 [39m[90m/home/user/Projct1[39m

 [32m✓[39m packages/browser/test/worker-bypass.test.ts [2m([22m[2m4 tests[22m[2m)[22m[33m 6062[2mms[22m[39m
   [33m[2m✓[22m[39m worker-bypass: не-GET до цілі з Worker / SharedWorker (S1b-Fix, DEV-50)[2m > [22mконтроль raw (без шару 2): POST доходить до цілі з КОЖНОГО варіанта — детектор уміє впасти [33m 1928[2mms[22m[39m
   [33m[2m✓[22m[39m worker-bypass: не-GET до цілі з Worker / SharedWorker (S1b-Fix, DEV-50)[2m > [22mконтроль old (шар 2 до S1b-Fix, без SharedWorker lockdown): dedicated-клас 0 POST, shared-клас — POST дійшов [33m 1923[2mms[22m[39m
   [33m[2m✓[22m[39m worker-bypass: не-GET до цілі з Worker / SharedWorker (S1b-Fix, DEV-50)[2m > [22mSecureBrowser: 0 не-GET до цілі з усіх 13 варіантів; SharedWorker → SecurityError, його скрипт не запитано [33m 1850[2mms[22m[39m

[2m Test Files [22m [1m[32m1 passed[39m[22m[90m (1)[39m
[2m      Tests [22m [1m[32m4 passed[39m[22m[90m (4)[39m
[2m   Start at [22m 08:12:44
[2m   Duration [22m 7.38s[2m (transform 314ms, setup 0ms, collect 689ms, tests 6.06s, environment 0ms, prepare 119ms)[22m

rc=0
== run 3

[1m[46m RUN [49m[22m [36mv3.2.7 [39m[90m/home/user/Projct1[39m

 [32m✓[39m packages/browser/test/worker-bypass.test.ts [2m([22m[2m4 tests[22m[2m)[22m[33m 5629[2mms[22m[39m
   [33m[2m✓[22m[39m worker-bypass: не-GET до цілі з Worker / SharedWorker (S1b-Fix, DEV-50)[2m > [22mконтроль raw (без шару 2): POST доходить до цілі з КОЖНОГО варіанта — детектор уміє впасти [33m 1965[2mms[22m[39m
   [33m[2m✓[22m[39m worker-bypass: не-GET до цілі з Worker / SharedWorker (S1b-Fix, DEV-50)[2m > [22mконтроль old (шар 2 до S1b-Fix, без SharedWorker lockdown): dedicated-клас 0 POST, shared-клас — POST дійшов [33m 1687[2mms[22m[39m
   [33m[2m✓[22m[39m worker-bypass: не-GET до цілі з Worker / SharedWorker (S1b-Fix, DEV-50)[2m > [22mSecureBrowser: 0 не-GET до цілі з усіх 13 варіантів; SharedWorker → SecurityError, його скрипт не запитано [33m 1554[2mms[22m[39m

[2m Test Files [22m [1m[32m1 passed[39m[22m[90m (1)[39m
[2m      Tests [22m [1m[32m4 passed[39m[22m[90m (4)[39m
[2m   Start at [22m 08:12:53
[2m   Duration [22m 7.09s[2m (transform 332ms, setup 0ms, collect 913ms, tests 5.63s, environment 0ms, prepare 173ms)[22m

rc=0
== run 4

[1m[46m RUN [49m[22m [36mv3.2.7 [39m[90m/home/user/Projct1[39m

 [32m✓[39m packages/browser/test/worker-bypass.test.ts [2m([22m[2m4 tests[22m[2m)[22m[33m 4764[2mms[22m[39m
   [33m[2m✓[22m[39m worker-bypass: не-GET до цілі з Worker / SharedWorker (S1b-Fix, DEV-50)[2m > [22mконтроль raw (без шару 2): POST доходить до цілі з КОЖНОГО варіанта — детектор уміє впасти [33m 1468[2mms[22m[39m
   [33m[2m✓[22m[39m worker-bypass: не-GET до цілі з Worker / SharedWorker (S1b-Fix, DEV-50)[2m > [22mконтроль old (шар 2 до S1b-Fix, без SharedWorker lockdown): dedicated-клас 0 POST, shared-клас — POST дійшов [33m 1409[2mms[22m[39m
   [33m[2m✓[22m[39m worker-bypass: не-GET до цілі з Worker / SharedWorker (S1b-Fix, DEV-50)[2m > [22mSecureBrowser: 0 не-GET до цілі з усіх 13 варіантів; SharedWorker → SecurityError, його скрипт не запитано [33m 1546[2mms[22m[39m

[2m Test Files [22m [1m[32m1 passed[39m[22m[90m (1)[39m
[2m      Tests [22m [1m[32m4 passed[39m[22m[90m (4)[39m
[2m   Start at [22m 08:13:01
[2m   Duration [22m 5.87s[2m (transform 229ms, setup 0ms, collect 636ms, tests 4.76s, environment 0ms, prepare 100ms)[22m

rc=0
== run 5

[1m[46m RUN [49m[22m [36mv3.2.7 [39m[90m/home/user/Projct1[39m

 [32m✓[39m packages/browser/test/worker-bypass.test.ts [2m([22m[2m4 tests[22m[2m)[22m[33m 5723[2mms[22m[39m
   [33m[2m✓[22m[39m worker-bypass: не-GET до цілі з Worker / SharedWorker (S1b-Fix, DEV-50)[2m > [22mконтроль raw (без шару 2): POST доходить до цілі з КОЖНОГО варіанта — детектор уміє впасти [33m 1971[2mms[22m[39m
   [33m[2m✓[22m[39m worker-bypass: не-GET до цілі з Worker / SharedWorker (S1b-Fix, DEV-50)[2m > [22mконтроль old (шар 2 до S1b-Fix, без SharedWorker lockdown): dedicated-клас 0 POST, shared-клас — POST дійшов [33m 1888[2mms[22m[39m
   [33m[2m✓[22m[39m worker-bypass: не-GET до цілі з Worker / SharedWorker (S1b-Fix, DEV-50)[2m > [22mSecureBrowser: 0 не-GET до цілі з усіх 13 варіантів; SharedWorker → SecurityError, його скрипт не запитано [33m 1514[2mms[22m[39m

[2m Test Files [22m [1m[32m1 passed[39m[22m[90m (1)[39m
[2m      Tests [22m [1m[32m4 passed[39m[22m[90m (4)[39m
[2m   Start at [22m 08:13:09
[2m   Duration [22m 6.78s[2m (transform 233ms, setup 0ms, collect 624ms, tests 5.72s, environment 0ms, prepare 83ms)[22m

rc=0
== run 6

[1m[46m RUN [49m[22m [36mv3.2.7 [39m[90m/home/user/Projct1[39m

 [32m✓[39m packages/browser/test/worker-bypass.test.ts [2m([22m[2m4 tests[22m[2m)[22m[33m 6292[2mms[22m[39m
   [33m[2m✓[22m[39m worker-bypass: не-GET до цілі з Worker / SharedWorker (S1b-Fix, DEV-50)[2m > [22mконтроль raw (без шару 2): POST доходить до цілі з КОЖНОГО варіанта — детектор уміє впасти [33m 1930[2mms[22m[39m
   [33m[2m✓[22m[39m worker-bypass: не-GET до цілі з Worker / SharedWorker (S1b-Fix, DEV-50)[2m > [22mконтроль old (шар 2 до S1b-Fix, без SharedWorker lockdown): dedicated-клас 0 POST, shared-клас — POST дійшов [33m 1919[2mms[22m[39m
   [33m[2m✓[22m[39m worker-bypass: не-GET до цілі з Worker / SharedWorker (S1b-Fix, DEV-50)[2m > [22mSecureBrowser: 0 не-GET до цілі з усіх 13 варіантів; SharedWorker → SecurityError, його скрипт не запитано [33m 2003[2mms[22m[39m

[2m Test Files [22m [1m[32m1 passed[39m[22m[90m (1)[39m
[2m      Tests [22m [1m[32m4 passed[39m[22m[90m (4)[39m
[2m   Start at [22m 08:13:17
[2m   Duration [22m 7.75s[2m (transform 363ms, setup 0ms, collect 886ms, tests 6.29s, environment 0ms, prepare 220ms)[22m

rc=0
== run 7

[1m[46m RUN [49m[22m [36mv3.2.7 [39m[90m/home/user/Projct1[39m

 [32m✓[39m packages/browser/test/worker-bypass.test.ts [2m([22m[2m4 tests[22m[2m)[22m[33m 7059[2mms[22m[39m
   [33m[2m✓[22m[39m worker-bypass: не-GET до цілі з Worker / SharedWorker (S1b-Fix, DEV-50)[2m > [22mконтроль raw (без шару 2): POST доходить до цілі з КОЖНОГО варіанта — детектор уміє впасти [33m 2191[2mms[22m[39m
   [33m[2m✓[22m[39m worker-bypass: не-GET до цілі з Worker / SharedWorker (S1b-Fix, DEV-50)[2m > [22mконтроль old (шар 2 до S1b-Fix, без SharedWorker lockdown): dedicated-клас 0 POST, shared-клас — POST дійшов [33m 2365[2mms[22m[39m
   [33m[2m✓[22m[39m worker-bypass: не-GET до цілі з Worker / SharedWorker (S1b-Fix, DEV-50)[2m > [22mSecureBrowser: 0 не-GET до цілі з усіх 13 варіантів; SharedWorker → SecurityError, його скрипт не запитано [33m 2079[2mms[22m[39m

[2m Test Files [22m [1m[32m1 passed[39m[22m[90m (1)[39m
[2m      Tests [22m [1m[32m4 passed[39m[22m[90m (4)[39m
[2m   Start at [22m 08:13:26
[2m   Duration [22m 8.56s[2m (transform 345ms, setup 0ms, collect 791ms, tests 7.06s, environment 0ms, prepare 292ms)[22m

rc=0
== run 8

[1m[46m RUN [49m[22m [36mv3.2.7 [39m[90m/home/user/Projct1[39m

 [32m✓[39m packages/browser/test/worker-bypass.test.ts [2m([22m[2m4 tests[22m[2m)[22m[33m 7267[2mms[22m[39m
   [33m[2m✓[22m[39m worker-bypass: не-GET до цілі з Worker / SharedWorker (S1b-Fix, DEV-50)[2m > [22mконтроль raw (без шару 2): POST доходить до цілі з КОЖНОГО варіанта — детектор уміє впасти [33m 2281[2mms[22m[39m
   [33m[2m✓[22m[39m worker-bypass: не-GET до цілі з Worker / SharedWorker (S1b-Fix, DEV-50)[2m > [22mконтроль old (шар 2 до S1b-Fix, без SharedWorker lockdown): dedicated-клас 0 POST, shared-клас — POST дійшов [33m 2394[2mms[22m[39m
   [33m[2m✓[22m[39m worker-bypass: не-GET до цілі з Worker / SharedWorker (S1b-Fix, DEV-50)[2m > [22mSecureBrowser: 0 не-GET до цілі з усіх 13 варіантів; SharedWorker → SecurityError, його скрипт не запитано [33m 2104[2mms[22m[39m

[2m Test Files [22m [1m[32m1 passed[39m[22m[90m (1)[39m
[2m      Tests [22m [1m[32m4 passed[39m[22m[90m (4)[39m
[2m   Start at [22m 08:13:37
[2m   Duration [22m 9.12s[2m (transform 407ms, setup 0ms, collect 1.06s, tests 7.27s, environment 0ms, prepare 271ms)[22m

rc=0
== run 9

[1m[46m RUN [49m[22m [36mv3.2.7 [39m[90m/home/user/Projct1[39m

 [32m✓[39m packages/browser/test/worker-bypass.test.ts [2m([22m[2m4 tests[22m[2m)[22m[33m 6635[2mms[22m[39m
   [33m[2m✓[22m[39m worker-bypass: не-GET до цілі з Worker / SharedWorker (S1b-Fix, DEV-50)[2m > [22mконтроль raw (без шару 2): POST доходить до цілі з КОЖНОГО варіанта — детектор уміє впасти [33m 2382[2mms[22m[39m
   [33m[2m✓[22m[39m worker-bypass: не-GET до цілі з Worker / SharedWorker (S1b-Fix, DEV-50)[2m > [22mконтроль old (шар 2 до S1b-Fix, без SharedWorker lockdown): dedicated-клас 0 POST, shared-клас — POST дійшов [33m 1978[2mms[22m[39m
   [33m[2m✓[22m[39m worker-bypass: не-GET до цілі з Worker / SharedWorker (S1b-Fix, DEV-50)[2m > [22mSecureBrowser: 0 не-GET до цілі з усіх 13 варіантів; SharedWorker → SecurityError, його скрипт не запитано [33m 1845[2mms[22m[39m

[2m Test Files [22m [1m[32m1 passed[39m[22m[90m (1)[39m
[2m      Tests [22m [1m[32m4 passed[39m[22m[90m (4)[39m
[2m   Start at [22m 08:13:48
[2m   Duration [22m 8.03s[2m (transform 432ms, setup 0ms, collect 929ms, tests 6.64s, environment 0ms, prepare 90ms)[22m

rc=0
== run 10

[1m[46m RUN [49m[22m [36mv3.2.7 [39m[90m/home/user/Projct1[39m

 [32m✓[39m packages/browser/test/worker-bypass.test.ts [2m([22m[2m4 tests[22m[2m)[22m[33m 6890[2mms[22m[39m
   [33m[2m✓[22m[39m worker-bypass: не-GET до цілі з Worker / SharedWorker (S1b-Fix, DEV-50)[2m > [22mконтроль raw (без шару 2): POST доходить до цілі з КОЖНОГО варіанта — детектор уміє впасти [33m 2434[2mms[22m[39m
   [33m[2m✓[22m[39m worker-bypass: не-GET до цілі з Worker / SharedWorker (S1b-Fix, DEV-50)[2m > [22mконтроль old (шар 2 до S1b-Fix, без SharedWorker lockdown): dedicated-клас 0 POST, shared-клас — POST дійшов [33m 2183[2mms[22m[39m
   [33m[2m✓[22m[39m worker-bypass: не-GET до цілі з Worker / SharedWorker (S1b-Fix, DEV-50)[2m > [22mSecureBrowser: 0 не-GET до цілі з усіх 13 варіантів; SharedWorker → SecurityError, його скрипт не запитано [33m 1854[2mms[22m[39m

[2m Test Files [22m [1m[32m1 passed[39m[22m[90m (1)[39m
[2m      Tests [22m [1m[32m4 passed[39m[22m[90m (4)[39m
[2m   Start at [22m 08:13:58
[2m   Duration [22m 8.53s[2m (transform 427ms, setup 0ms, collect 988ms, tests 6.89s, environment 0ms, prepare 136ms)[22m

rc=0
