controls {"baseline":[],"injected":["overflow390=810","marker-missing","bad:undefined: undefined|NaN: NaN","contrast=1 (p: invisible dark text)"],"detectorsCaught":4,"detectorsExpected":4,"missing":[]}
PASS landing/empty/1440/light/uk
PASS landing/loading/1440/light/uk
PASS landing/error/1440/light/uk
PASS landing/completed/1440/light/uk
PASS progress/loading/1440/light/uk
PASS progress/empty/1440/light/uk
PASS progress/partial/1440/light/uk
PASS progress/error/1440/light/uk
PASS progress/completed/1440/light/uk
PASS overview/loading/1440/light/uk
PASS overview/empty/1440/light/uk
PASS overview/partial/1440/light/uk
PASS overview/error/1440/light/uk
PASS overview/completed/1440/light/uk
PASS lenses/loading/1440/light/uk
PASS lenses/empty/1440/light/uk
PASS lenses/partial/1440/light/uk
PASS lenses/error/1440/light/uk
PASS lenses/completed/1440/light/uk
PASS journey/loading/1440/light/uk
PASS journey/empty/1440/light/uk
PASS journey/partial/1440/light/uk
PASS journey/error/1440/light/uk
PASS journey/completed/1440/light/uk
PASS findings/loading/1440/light/uk
PASS findings/empty/1440/light/uk
PASS findings/partial/1440/light/uk
PASS findings/error/1440/light/uk
PASS findings/completed/1440/light/uk
PASS technical/loading/1440/light/uk
PASS technical/empty/1440/light/uk
PASS technical/partial/1440/light/uk
PASS technical/error/1440/light/uk
PASS technical/completed/1440/light/uk
PASS evidence/loading/1440/light/uk
PASS evidence/empty/1440/light/uk
PASS evidence/partial/1440/light/uk
PASS evidence/error/1440/light/uk
PASS evidence/completed/1440/light/uk
PASS lightbox/loading/1440/light/uk
PASS lightbox/error/1440/light/uk
PASS lightbox/completed/1440/light/uk
PASS nollm-overview/completed/1440/light/uk
PASS nollm-lenses/completed/1440/light/uk
PASS nollm-journey/completed/1440/light/uk
PASS nollm-findings/completed/1440/light/uk
PASS nollm-technical/completed/1440/light/uk
PASS nollm-experiments/completed/1440/light/uk
PASS nollm-evidence/completed/1440/light/uk
PASS landing/empty/1440/dark/uk
PASS landing/loading/1440/dark/uk
PASS landing/error/1440/dark/uk
PASS landing/completed/1440/dark/uk
PASS progress/loading/1440/dark/uk
PASS progress/empty/1440/dark/uk
PASS progress/partial/1440/dark/uk
PASS progress/error/1440/dark/uk
PASS progress/completed/1440/dark/uk
PASS overview/loading/1440/dark/uk
PASS overview/empty/1440/dark/uk
PASS overview/partial/1440/dark/uk
PASS overview/error/1440/dark/uk
PASS overview/completed/1440/dark/uk
PASS lenses/loading/1440/dark/uk
PASS lenses/empty/1440/dark/uk
PASS lenses/partial/1440/dark/uk
PASS lenses/error/1440/dark/uk
PASS lenses/completed/1440/dark/uk
PASS journey/loading/1440/dark/uk
PASS journey/empty/1440/dark/uk
PASS journey/partial/1440/dark/uk
PASS journey/error/1440/dark/uk
PASS journey/completed/1440/dark/uk
PASS findings/loading/1440/dark/uk
PASS findings/empty/1440/dark/uk
PASS findings/partial/1440/dark/uk
PASS findings/error/1440/dark/uk
PASS findings/completed/1440/dark/uk
PASS technical/loading/1440/dark/uk
PASS technical/empty/1440/dark/uk
PASS technical/partial/1440/dark/uk
PASS technical/error/1440/dark/uk
PASS technical/completed/1440/dark/uk
PASS evidence/loading/1440/dark/uk
PASS evidence/empty/1440/dark/uk
PASS evidence/partial/1440/dark/uk
PASS evidence/error/1440/dark/uk
PASS evidence/completed/1440/dark/uk
PASS lightbox/loading/1440/dark/uk
PASS lightbox/error/1440/dark/uk
PASS lightbox/completed/1440/dark/uk
PASS nollm-overview/completed/1440/dark/uk
PASS nollm-lenses/completed/1440/dark/uk
PASS nollm-journey/completed/1440/dark/uk
PASS nollm-findings/completed/1440/dark/uk
PASS nollm-technical/completed/1440/dark/uk
PASS nollm-experiments/completed/1440/dark/uk
PASS nollm-evidence/completed/1440/dark/uk
PASS landing/empty/390/light/uk
PASS landing/loading/390/light/uk
PASS landing/error/390/light/uk
PASS landing/completed/390/light/uk
PASS progress/loading/390/light/uk
PASS progress/empty/390/light/uk
PASS progress/partial/390/light/uk
PASS progress/error/390/light/uk
PASS progress/completed/390/light/uk
PASS overview/loading/390/light/uk
PASS overview/empty/390/light/uk
PASS overview/partial/390/light/uk
PASS overview/error/390/light/uk
PASS overview/completed/390/light/uk
PASS lenses/loading/390/light/uk
PASS lenses/empty/390/light/uk
PASS lenses/partial/390/light/uk
PASS lenses/error/390/light/uk
PASS lenses/completed/390/light/uk
PASS journey/loading/390/light/uk
PASS journey/empty/390/light/uk
PASS journey/partial/390/light/uk
PASS journey/error/390/light/uk
PASS journey/completed/390/light/uk
PASS findings/loading/390/light/uk
PASS findings/empty/390/light/uk
PASS findings/partial/390/light/uk
PASS findings/error/390/light/uk
PASS findings/completed/390/light/uk
PASS technical/loading/390/light/uk
PASS technical/empty/390/light/uk
PASS technical/partial/390/light/uk
PASS technical/error/390/light/uk
PASS technical/completed/390/light/uk
PASS evidence/loading/390/light/uk
PASS evidence/empty/390/light/uk
PASS evidence/partial/390/light/uk
PASS evidence/error/390/light/uk
PASS evidence/completed/390/light/uk
PASS lightbox/loading/390/light/uk
PASS lightbox/error/390/light/uk
PASS lightbox/completed/390/light/uk
PASS nollm-overview/completed/390/light/uk
PASS nollm-lenses/completed/390/light/uk
PASS nollm-journey/completed/390/light/uk
PASS nollm-findings/completed/390/light/uk
PASS nollm-technical/completed/390/light/uk
PASS nollm-experiments/completed/390/light/uk
PASS nollm-evidence/completed/390/light/uk
PASS landing/empty/390/dark/uk
PASS landing/loading/390/dark/uk
PASS landing/error/390/dark/uk
PASS landing/completed/390/dark/uk
PASS progress/loading/390/dark/uk
PASS progress/empty/390/dark/uk
PASS progress/partial/390/dark/uk
PASS progress/error/390/dark/uk
PASS progress/completed/390/dark/uk
PASS overview/loading/390/dark/uk
PASS overview/empty/390/dark/uk
PASS overview/partial/390/dark/uk
PASS overview/error/390/dark/uk
PASS overview/completed/390/dark/uk
PASS lenses/loading/390/dark/uk
PASS lenses/empty/390/dark/uk
PASS lenses/partial/390/dark/uk
PASS lenses/error/390/dark/uk
PASS lenses/completed/390/dark/uk
PASS journey/loading/390/dark/uk
PASS journey/empty/390/dark/uk
PASS journey/partial/390/dark/uk
PASS journey/error/390/dark/uk
PASS journey/completed/390/dark/uk
PASS findings/loading/390/dark/uk
PASS findings/empty/390/dark/uk
PASS findings/partial/390/dark/uk
PASS findings/error/390/dark/uk
PASS findings/completed/390/dark/uk
PASS technical/loading/390/dark/uk
PASS technical/empty/390/dark/uk
PASS technical/partial/390/dark/uk
PASS technical/error/390/dark/uk
PASS technical/completed/390/dark/uk
PASS evidence/loading/390/dark/uk
PASS evidence/empty/390/dark/uk
PASS evidence/partial/390/dark/uk
PASS evidence/error/390/dark/uk
PASS evidence/completed/390/dark/uk
PASS lightbox/loading/390/dark/uk
PASS lightbox/error/390/dark/uk
PASS lightbox/completed/390/dark/uk
PASS nollm-overview/completed/390/dark/uk
PASS nollm-lenses/completed/390/dark/uk
PASS nollm-journey/completed/390/dark/uk
PASS nollm-findings/completed/390/dark/uk
PASS nollm-technical/completed/390/dark/uk
PASS nollm-experiments/completed/390/dark/uk
PASS nollm-evidence/completed/390/dark/uk
PASS landing/completed/1440/light/en
PASS progress/completed/1440/light/en

MATRIX: PASS 198 / FAIL 0 / N/A 20 (rows 218)

real	4m29.043s
user	6m14.864s
sys	1m39.362s
